-- Compiling...
-- Assembling and Linking...
-- Executing...
===========================================================
Please input an integer: You input: 0
===========================================================
The exit code is 0.
-- Finished
