-- Compiling...
-- Assembling and Linking...
-- Executing...
===========================================================
43
===========================================================
The exit code is 0.
-- Finished
