-- Compiling...
-- Assembling and Linking...
-- Executing...
===========================================================
0x22008 = {0, 1, 2, 3, 4, 5, 6, 7, 8, 9}
===========================================================
The exit code is 0.
-- Finished
