-- Compiling...
-- Assembling and Linking...
-- Executing...
===========================================================
43
2
18
1
===========================================================
The exit code is 0.
-- Finished
