-- Compiling...
-- Assembling and Linking...
-- Executing...
===========================================================
hello world!
Hello world!
Hi!
===========================================================
The exit code is 0.
-- Finished
