-- Compiling...
-- Assembling and Linking...
-- Executing...
===========================================================
Printing an array variable gives an address, such as 0x23010
===========================================================
The exit code is 0.
-- Finished
