-- Compiling...
-- Assembling and Linking...
-- Executing...
===========================================================
0x22008
abc
c
abc
a
b
c
1
1
2
2
3
3
===========================================================
The exit code is 0.
-- Finished
