-- Compiling...
-- Assembling and Linking...
-- Executing...
===========================================================
ArrayIndexOutOfBoundsError: negative index
===========================================================
The exit code is 255.
-- Finished
