-- Compiling...
-- Assembling and Linking...
-- Executing...
===========================================================
s1 is Hi
s2 is Hi
They are not the same.
Now modify s1[0] = 'h'
s1 is hi
s2 is Hi
They are not the same.
===========================================================
The exit code is 0.
-- Finished
