-- Compiling...
-- Assembling and Linking...
-- Executing...
===========================================================
An example integer is 189
===========================================================
The exit code is 0.
-- Finished
