-- Compiling...
-- Assembling and Linking...
-- Executing...
===========================================================
True is true
False is false
===========================================================
The exit code is 0.
-- Finished
