-- Compiling...
-- Assembling and Linking...
-- Executing...
===========================================================
Hello World!
===========================================================
The exit code is 0.
-- Finished
