-- Compiling...
-- Assembling and Linking...
-- Executing...
===========================================================
A simple character example is f
===========================================================
The exit code is 0.
-- Finished
