-- Compiling...
-- Assembling and Linking...
-- Executing...
===========================================================
foo
bar
===========================================================
The exit code is 0.
-- Finished
