-- Compiling...
-- Assembling and Linking...
-- Executing...
===========================================================
Please enter the number of integers to insert: There are 0 integers.
Here are the numbers sorted: 
===========================================================
The exit code is 0.
-- Finished
