-- Compiling...
-- Assembling and Linking...
-- Executing...
===========================================================
enter an integer to echo
1
===========================================================
The exit code is 0.
-- Finished
