-- Compiling...
-- Assembling and Linking...
-- Executing...
===========================================================
enter a character to echo
