-- Compiling...
-- Assembling and Linking...
-- Executing...
===========================================================
input an integer to continue...
===========================================================
The exit code is 0.
-- Finished
