-- Compiling...
-- Assembling and Linking...
-- Executing...
===========================================================
2
4
5
3
===========================================================
The exit code is 0.
-- Finished
