-- Compiling...
-- Assembling and Linking...
-- Executing...
===========================================================
true
2
===========================================================
The exit code is 0.
-- Finished
