-- Compiling...
-- Assembling and Linking...
-- Executing...
===========================================================
true
12
===========================================================
The exit code is 0.
-- Finished
