-- Compiling...
-- Assembling and Linking...
-- Executing...
===========================================================
2
4
2
===========================================================
The exit code is 0.
-- Finished
