-- Compiling...
-- Assembling and Linking...
-- Executing...
===========================================================
DivideByZeroError: divide or modulo by zero
===========================================================
The exit code is 255.
-- Finished
