-- Compiling...
-- Assembling and Linking...
-- Executing...
===========================================================
true
===========================================================
The exit code is 0.
-- Finished
