-- Compiling...
-- Assembling and Linking...
-- Executing...
===========================================================
0x22008
0x22008
true
10
10
true
a
a
true
===========================================================
The exit code is 0.
-- Finished
