-- Compiling...
-- Assembling and Linking...
-- Executing...
===========================================================
0x22008 = (10, a)
===========================================================
The exit code is 0.
-- Finished
