-- Compiling...
-- Assembling and Linking...
-- Executing...
===========================================================
0x22008 = ((nil),(nil))
===========================================================
The exit code is 0.
-- Finished
