-- Compiling...
-- Assembling and Linking...
-- Executing...
===========================================================
(nil)
===========================================================
The exit code is 0.
-- Finished
