-- Compiling...
-- Assembling and Linking...
-- Executing...
===========================================================
a
Z
===========================================================
The exit code is 0.
-- Finished
