-- Compiling...
-- Assembling and Linking...
-- Executing...
===========================================================
10
42
===========================================================
The exit code is 0.
-- Finished
