-- Compiling...
-- Assembling and Linking...
-- Executing...
===========================================================
a is 42
b is true
c is u
d is hello
e is 0x22008
f is 0x22018
answer is g
===========================================================
The exit code is 0.
-- Finished
