-- Compiling...
-- Assembling and Linking...
-- Executing...
===========================================================
0
===========================================================
The exit code is 0.
-- Finished
