-- Compiling...
-- Assembling and Linking...
-- Executing...
===========================================================
1
4
===========================================================
The exit code is 0.
-- Finished
