-- Compiling...
-- Assembling and Linking...
-- Executing...
===========================================================
99
===========================================================
The exit code is 0.
-- Finished
