-- Compiling...
-- Assembling and Linking...
-- Executing...
===========================================================
135228
<
true
4

true
===========================================================
The exit code is 0.
-- Finished
