-- Compiling...
-- Assembling and Linking...
-- Executing...
===========================================================
15
120
20
0
0
14
60
26
29
0
===========================================================
The exit code is 0.
-- Finished
